// Jest Snapshot v1, https://goo.gl/fbAQLP

exports[`ImageFilter renders properly 1`] = `
"<svg xmlns=\\"http://www.w3.org/2000/svg\\" style=\\"display: block; width: auto !important; height: 0px;\\">
  <filter id=\\"cyberpunk-ult\\" x=\\"-10%\\" y=\\"-10%\\" width=\\"120%\\" height=\\"120%\\" filterUnits=\\"objectBoundingBox\\" primitiveUnits=\\"userSpaceOnUse\\" color-interpolation-filters=\\"sRGB\\">
    <feColorMatrix type=\\"matrix\\" values=\\".33 .33 .33 0 0
          .33 .33 .33 0 0
          .33 .33 .33 0 0
          0 0 0 1 0\\" in=\\"SourceGraphic\\" result=\\"colormatrix\\"></feColorMatrix>
    <feComponentTransfer in=\\"colormatrix\\" result=\\"componentTransfer\\">
      <feFuncR type=\\"table\\" tableValues=\\"0.07 0.39 0 1\\"></feFuncR>
      <feFuncG type=\\"table\\" tableValues=\\"0.07 0 0.78 1\\"></feFuncG>
      <feFuncB type=\\"table\\" tableValues=\\"0.07 1 1 0\\"></feFuncB>
      <feFuncA type=\\"table\\" tableValues=\\"0 1\\"></feFuncA>
    </feComponentTransfer>
    <feBlend mode=\\"normal\\" in=\\"componentTransfer\\" in2=\\"SourceGraphic\\" result=\\"blend\\"></feBlend>
  </filter>
  <filter id=\\"cyberpunk-ult_alt\\" x=\\"-10%\\" y=\\"-10%\\" width=\\"120%\\" height=\\"120%\\" filterUnits=\\"objectBoundingBox\\" primitiveUnits=\\"userSpaceOnUse\\" color-interpolation-filters=\\"sRGB\\">
    <feColorMatrix type=\\"matrix\\" values=\\".33 .33 .33 0 0
          .33 .33 .33 0 0
          .33 .33 .33 0 0
          0 0 0 1 0\\" in=\\"SourceGraphic\\" result=\\"colormatrix\\"></feColorMatrix>
    <feComponentTransfer in=\\"colormatrix\\" result=\\"componentTransfer\\">
      <feFuncR type=\\"table\\" tableValues=\\"0 0.39 0.78 0 1\\"></feFuncR>
      <feFuncG type=\\"table\\" tableValues=\\"0 0 0 0.78 1\\"></feFuncG>
      <feFuncB type=\\"table\\" tableValues=\\"0 1 1 1 0\\"></feFuncB>
      <feFuncA type=\\"table\\" tableValues=\\"0 1\\"></feFuncA>
    </feComponentTransfer>
    <feBlend mode=\\"normal\\" in=\\"componentTransfer\\" in2=\\"SourceGraphic\\" result=\\"blend\\"></feBlend>
  </filter>
  <filter id=\\"cyberpunk-hot\\" x=\\"-10%\\" y=\\"-10%\\" width=\\"120%\\" height=\\"120%\\" filterUnits=\\"objectBoundingBox\\" primitiveUnits=\\"userSpaceOnUse\\" color-interpolation-filters=\\"sRGB\\">
    <feColorMatrix type=\\"matrix\\" values=\\".33 .33 .33 0 0
          .33 .33 .33 0 0
          .33 .33 .33 0 0
          0 0 0 1 0\\" in=\\"SourceGraphic\\" result=\\"colormatrix\\"></feColorMatrix>
    <feComponentTransfer in=\\"colormatrix\\" result=\\"componentTransfer\\">
      <feFuncR type=\\"table\\" tableValues=\\"0.07 0.39 0.92 1\\"></feFuncR>
      <feFuncG type=\\"table\\" tableValues=\\"0.07 0 0.12 1\\"></feFuncG>
      <feFuncB type=\\"table\\" tableValues=\\"0.07 1 0.2 0\\"></feFuncB>
      <feFuncA type=\\"table\\" tableValues=\\"0 1\\"></feFuncA>
    </feComponentTransfer>
    <feBlend mode=\\"normal\\" in=\\"componentTransfer\\" in2=\\"SourceGraphic\\" result=\\"blend\\"></feBlend>
  </filter>
  <filter id=\\"cyberpunk-ultw\\" x=\\"-10%\\" y=\\"-10%\\" width=\\"120%\\" height=\\"120%\\" filterUnits=\\"objectBoundingBox\\" primitiveUnits=\\"userSpaceOnUse\\" color-interpolation-filters=\\"sRGB\\">
    <feColorMatrix type=\\"matrix\\" values=\\".33 .33 .33 0 0
          .33 .33 .33 0 0
          .33 .33 .33 0 0
          0 0 0 1 0\\" in=\\"SourceGraphic\\" result=\\"colormatrix\\"></feColorMatrix>
    <feComponentTransfer in=\\"colormatrix\\" result=\\"componentTransfer\\">
      <feFuncR type=\\"table\\" tableValues=\\"0.07 0.39 0 1 1\\"></feFuncR>
      <feFuncG type=\\"table\\" tableValues=\\"0.07 0 0.78 1 1\\"></feFuncG>
      <feFuncB type=\\"table\\" tableValues=\\"0.07 1 1 0 1\\"></feFuncB>
      <feFuncA type=\\"table\\" tableValues=\\"0 1\\"></feFuncA>
    </feComponentTransfer>
    <feBlend mode=\\"normal\\" in=\\"componentTransfer\\" in2=\\"SourceGraphic\\" result=\\"blend\\"></feBlend>
  </filter>
  <filter id=\\"blue-red\\" x=\\"-10%\\" y=\\"-10%\\" width=\\"120%\\" height=\\"120%\\" filterUnits=\\"objectBoundingBox\\" primitiveUnits=\\"userSpaceOnUse\\" color-interpolation-filters=\\"sRGB\\">
    <feColorMatrix type=\\"matrix\\" values=\\".33 .33 .33 0 0
          .33 .33 .33 0 0
          .33 .33 .33 0 0
          0 0 0 1 0\\" in=\\"SourceGraphic\\" result=\\"colormatrix\\"></feColorMatrix>
    <feComponentTransfer in=\\"colormatrix\\" result=\\"componentTransfer\\">
      <feFuncR type=\\"table\\" tableValues=\\"0.14 0.92\\"></feFuncR>
      <feFuncG type=\\"table\\" tableValues=\\"0.13 0\\"></feFuncG>
      <feFuncB type=\\"table\\" tableValues=\\"0.49 0.2\\"></feFuncB>
      <feFuncA type=\\"table\\" tableValues=\\"0 1\\"></feFuncA>
    </feComponentTransfer>
    <feBlend mode=\\"normal\\" in=\\"componentTransfer\\" in2=\\"SourceGraphic\\" result=\\"blend\\"></feBlend>
  </filter>
  <filter id=\\"pink-blue\\" x=\\"-10%\\" y=\\"-10%\\" width=\\"120%\\" height=\\"120%\\" filterUnits=\\"objectBoundingBox\\" primitiveUnits=\\"userSpaceOnUse\\" color-interpolation-filters=\\"sRGB\\">
    <feColorMatrix type=\\"matrix\\" values=\\".33 .33 .33 0 0
          .33 .33 .33 0 0
          .33 .33 .33 0 0
          0 0 0 1 0\\" in=\\"SourceGraphic\\" result=\\"colormatrix\\"></feColorMatrix>
    <feComponentTransfer in=\\"colormatrix\\" result=\\"componentTransfer\\">
      <feFuncR type=\\"table\\" tableValues=\\"0.07 0.1 1 0.92\\"></feFuncR>
      <feFuncG type=\\"table\\" tableValues=\\"0.07 0.39 0 0.92\\"></feFuncG>
      <feFuncB type=\\"table\\" tableValues=\\"0.07 1 0.59 0.92\\"></feFuncB>
      <feFuncA type=\\"table\\" tableValues=\\"0 1\\"></feFuncA>
    </feComponentTransfer>
    <feBlend mode=\\"normal\\" in=\\"componentTransfer\\" in2=\\"SourceGraphic\\" result=\\"blend\\"></feBlend>
  </filter>
  <filter id=\\"blue-pink\\" x=\\"-10%\\" y=\\"-10%\\" width=\\"120%\\" height=\\"120%\\" filterUnits=\\"objectBoundingBox\\" primitiveUnits=\\"userSpaceOnUse\\" color-interpolation-filters=\\"sRGB\\">
    <feColorMatrix type=\\"matrix\\" values=\\".33 .33 .33 0 0
          .33 .33 .33 0 0
          .33 .33 .33 0 0
          0 0 0 1 0\\" in=\\"SourceGraphic\\" result=\\"colormatrix\\"></feColorMatrix>
    <feComponentTransfer in=\\"colormatrix\\" result=\\"componentTransfer\\">
      <feFuncR type=\\"table\\" tableValues=\\"0.07 0 0.91\\"></feFuncR>
      <feFuncG type=\\"table\\" tableValues=\\"0.07 0.32 0.02\\"></feFuncG>
      <feFuncB type=\\"table\\" tableValues=\\"0.07 1 0.56\\"></feFuncB>
      <feFuncA type=\\"table\\" tableValues=\\"0 1\\"></feFuncA>
    </feComponentTransfer>
    <feBlend mode=\\"normal\\" in=\\"componentTransfer\\" in2=\\"SourceGraphic\\" result=\\"blend\\"></feBlend>
  </filter>
  <filter id=\\"blue-pink2\\" x=\\"-10%\\" y=\\"-10%\\" width=\\"120%\\" height=\\"120%\\" filterUnits=\\"objectBoundingBox\\" primitiveUnits=\\"userSpaceOnUse\\" color-interpolation-filters=\\"sRGB\\">
    <feColorMatrix type=\\"matrix\\" values=\\".33 .33 .33 0 0
          .33 .33 .33 0 0
          .33 .33 .33 0 0
          0 0 0 1 0\\" in=\\"SourceGraphic\\" result=\\"colormatrix\\"></feColorMatrix>
    <feComponentTransfer in=\\"colormatrix\\" result=\\"componentTransfer\\">
      <feFuncR type=\\"table\\" tableValues=\\"0.07 0 0.91 0.92\\"></feFuncR>
      <feFuncG type=\\"table\\" tableValues=\\"0.07 0.32 0.02 0.92\\"></feFuncG>
      <feFuncB type=\\"table\\" tableValues=\\"0.07 1 0.56 0.92\\"></feFuncB>
      <feFuncA type=\\"table\\" tableValues=\\"0 1\\"></feFuncA>
    </feComponentTransfer>
    <feBlend mode=\\"normal\\" in=\\"componentTransfer\\" in2=\\"SourceGraphic\\" result=\\"blend\\"></feBlend>
  </filter>
  <filter id=\\"pink\\" x=\\"-10%\\" y=\\"-10%\\" width=\\"120%\\" height=\\"120%\\" filterUnits=\\"objectBoundingBox\\" primitiveUnits=\\"userSpaceOnUse\\" color-interpolation-filters=\\"sRGB\\">
    <feColorMatrix type=\\"matrix\\" values=\\".33 .33 .33 0 0
          .33 .33 .33 0 0
          .33 .33 .33 0 0
          0 0 0 1 0\\" in=\\"SourceGraphic\\" result=\\"colormatrix\\"></feColorMatrix>
    <feComponentTransfer in=\\"colormatrix\\" result=\\"componentTransfer\\">
      <feFuncR type=\\"table\\" tableValues=\\"0.07 1 0.92\\"></feFuncR>
      <feFuncG type=\\"table\\" tableValues=\\"0.07 0 0.92\\"></feFuncG>
      <feFuncB type=\\"table\\" tableValues=\\"0.07 0.78 0.92\\"></feFuncB>
      <feFuncA type=\\"table\\" tableValues=\\"0 1\\"></feFuncA>
    </feComponentTransfer>
    <feBlend mode=\\"normal\\" in=\\"componentTransfer\\" in2=\\"SourceGraphic\\" result=\\"blend\\"></feBlend>
  </filter>
  <filter id=\\"purple-pink\\" x=\\"-10%\\" y=\\"-10%\\" width=\\"120%\\" height=\\"120%\\" filterUnits=\\"objectBoundingBox\\" primitiveUnits=\\"userSpaceOnUse\\" color-interpolation-filters=\\"sRGB\\">
    <feColorMatrix type=\\"matrix\\" values=\\".33 .33 .33 0 0
          .33 .33 .33 0 0
          .33 .33 .33 0 0
          0 0 0 1 0\\" in=\\"SourceGraphic\\" result=\\"colormatrix\\"></feColorMatrix>
    <feComponentTransfer in=\\"colormatrix\\" result=\\"componentTransfer\\">
      <feFuncR type=\\"table\\" tableValues=\\"0 1 1\\"></feFuncR>
      <feFuncG type=\\"table\\" tableValues=\\"0 0 1\\"></feFuncG>
      <feFuncB type=\\"table\\" tableValues=\\"1 0.98 1\\"></feFuncB>
      <feFuncA type=\\"table\\" tableValues=\\"0 1\\"></feFuncA>
    </feComponentTransfer>
    <feBlend mode=\\"normal\\" in=\\"componentTransfer\\" in2=\\"SourceGraphic\\" result=\\"blend\\"></feBlend>
  </filter>
</svg>"
`;
